
DATA INTEGRITY
--------------
  [PASS] no unexplained weekday gaps
         1696 sessions 2019-10-01..2026-08-17, 0 gaps
  [PASS] stored bhavcopy matches its folder date
         last 40 snapshots checked; 0 mismatched (this is the holiday stale-serve trap)
  [PASS] delisted symbols retained in history
         477 symbols stop before the last 40 sessions and are kept
  [PASS] no bar dated in the future
         0 offenders

SELECTION
---------
  [PASS] clusters are disjoint
         {'micro': 637, 'small': 638}, 0 overlap
  [PASS] most liquid names are excluded
         top-turnover name HDFCBANK is not tradeable; 1275 of 2489 are (51%)
  [PASS] only tradeable clusters are scored
         scored: ['micro', 'small']
  [PASS] no pick sits below its 200-day average
         0 of 40 picks below the gate
  [PASS] no restricted stock is a candidate
         none
  [PASS] bucket never exceeds its per-cluster quota
         selected {'small': 1} against {'micro': 3, 'small': 2}
  [PASS] bucket never exceeds MAX_POSITIONS
         1 of 5
  [PASS] every selected name has triggered
         none

MONEY
-----
  [PASS] position size matches the deployment cap
         Rs 45,000 per stock vs cap Rs 45,000
  [PASS] a full book stays inside the deployment cap
         Rs 225,000 of Rs 300,000
  [PASS] the risk rule caps any single position
         hard cap Rs 60,000 = 20% of capital
  [PASS] buy-side cost matches a hand calculation
         Rs 142.22 vs Rs 142.22 computed independently
  [PASS] sell side pays DP and no stamp duty
         sell - buy = Rs +0.93; expected Rs +0.93 (DP 15.93 less stamp Rs 15.00)
  [PASS] the DP charge is actually applied
         DP component Rs 15.93, must be non-zero

FILLS AND EXITS
---------------
  [PASS] an order cannot fill on its own signal day
         queued and stepped on 2026-08-17; filled 0
  [PASS] gapped stops fill worse than the nominal stop
         77 stops, mean -11.71% against a -10% nominal
  [PASS] every trade exits by stop, target or time
         Counter({'time': 94, 'stop': 77, 'target': 60})
  [PASS] wallet total equals cash plus holdings
         total 302,411 vs cash 255,245 + invested 47,166
  [PASS] every tg.* call from the daily runner resolves
         none
  [PASS] every cmd_* called inside tg.py exists
         none
  [PASS] every command appears in /help
         none

PARALLEL PORTFOLIOS
-------------------
  [PASS] counted-together portfolios share no stocks
         none
  [PASS] the portfolios pick different stocks
         {'main': 1, 'second': 0, 'third': 1, 'fourth': 1}, overlaps none
  [PASS] every stored position belongs to a known portfolio
         ['fourth', 'main', 'third']; orphaned none
  [PASS] every portfolio runs identical rules
         none; they differ only by rank depth
  [PASS] the shadow stop sits below every real entry
         1 positions checked, 0 malformed

HEADLINE NUMBER
---------------
  [PASS] the recorded baseline still reproduces
         CAGR +14.18% vs +14.18%, n=231 vs 231, same 1696 sessions

SUMMARY
-------
  31 passed, 0 failed, 0 skipped
