FINAL APPROACH  3 micro / 2 small, Rs 300,000, breakout
  CAGR +13.97%   maxDD 24.5%   n=215
  expected from the 3/2/0 test: +13.97%, DD 24.5%, n=215

ATTRIBUTION — final approach
==========================================================

  215 trades across 138 symbols (78 profitable)
  share of all gains from the single best symbol : 7.5%
  from the best 3 symbols                        : 17.7%
  from the best 10% of symbols                   : 43.0%

  BY CLUSTER
    micro   n=129   total    +507.8%  avg  +3.94%  win  47%
    small   n=86    total    +321.4%  avg  +3.74%  win  56%

  BEST 8 SYMBOLS
    NAHARSPING   n=3   total   +109.9%  avg +36.64%
    IWEL         n=3   total   +101.0%  avg +33.67%
    VAIBHAVGBL   n=4   total    +48.4%  avg +12.10%
    SIMPLEXINF   n=3   total    +46.3%  avg +15.43%
    ISMTLTD      n=2   total    +44.6%  avg +22.31%
    GVKPIL       n=2   total    +43.1%  avg +21.56%
    AXISILVER    n=5   total    +40.9%  avg  +8.19%
    MANAKCOAT    n=2   total    +39.3%  avg +19.66%

  WORST 8 SYMBOLS
    HINDMOTORS   n=1   total    -14.5%  avg -14.53%
    GOKULAGRO    n=1   total    -14.6%  avg -14.59%
    GENESYS      n=3   total    -16.4%  avg  -5.47%
    SARDAEN      n=2   total    -20.7%  avg -10.34%
    NITCO        n=2   total    -20.9%  avg -10.45%
    JAYNECOIND   n=3   total    -21.4%  avg  -7.12%
    SEPC         n=2   total    -24.9%  avg -12.45%
    SPMLINFRA    n=2   total    -47.0%  avg -23.50%

  Per-symbol figures are for review only. With one or two trades
  per name they carry no predictive weight and must not feed selection.
