listening (pid 72343, 7 commands)
./run_listener.sh: line 9: 72343 Terminated: 15          python3 tg.py --listen
listener exited, restarting in 3s
listening (pid 75132, 7 commands)
changed on disk: tg.py -- restarting
listener exited, restarting in 3s
listening (pid 76084, 8 commands)
poll error: TypeError
changed on disk: clusters.py, learning.py -- restarting
listener exited, restarting in 3s
listening (pid 76243, 8 commands)
changed on disk: learning.py -- restarting
listener exited, restarting in 3s
listening (pid 76277, 8 commands)
changed on disk: runner.py, engine.py -- restarting
listener exited, restarting in 3s
listening (pid 76321, 8 commands)
changed on disk: runner.py -- restarting
listener exited, restarting in 3s
listening (pid 76349, 8 commands)
./run_listener.sh: line 9: 76349 Terminated: 15          python3 tg.py --listen
listener exited, restarting in 3s
listening (pid 76378, 8 commands)
./run_listener.sh: line 9: 76378 Terminated: 15          python3 tg.py --listen
listener exited, restarting in 3s
listening (pid 76410, 8 commands)
changed on disk: agent.py -- restarting
listener exited, restarting in 3s
listening (pid 76504, 8 commands)
changed on disk: portfolio.py -- restarting
listener exited, restarting in 3s
listening (pid 77019, 8 commands)
changed on disk: tg.py -- restarting
listener exited, restarting in 3s
listening (pid 77164, 9 commands)
./run_listener.sh: line 9: 77164 Terminated: 15          python3 tg.py --listen
listener exited, restarting in 3s
listening (pid 77172, 9 commands)
changed on disk: simulate.py -- restarting
listener exited, restarting in 3s
listening (pid 77323, 9 commands)
changed on disk: tg.py, simulate.py -- restarting
listener exited, restarting in 3s
listening (pid 77495, 10 commands)
./run_listener.sh: line 9: 77495 Terminated: 15          python3 tg.py --listen
listener exited, restarting in 3s
listening (pid 77565, 10 commands)
changed on disk: tg.py, simulate.py, learning.py -- restarting
listener exited, restarting in 3s
listening (pid 77625, 10 commands)
./run_listener.sh: line 9: 77625 Terminated: 15          python3 tg.py --listen
listener exited, restarting in 3s
listening (pid 77729, 10 commands)
changed on disk: clusters.py, learning.py -- restarting
listener exited, restarting in 3s
listening (pid 77982, 10 commands)
changed on disk: learning.py -- restarting
listener exited, restarting in 3s
listening (pid 78146, 10 commands)
./run_listener.sh: line 9: 78146 Terminated: 15          python3 tg.py --listen
listener exited, restarting in 3s
listening (pid 78273, 11 commands)
changed on disk: learning.py -- restarting
listener exited, restarting in 3s
listening (pid 78495, 11 commands)
changed on disk: learning.py -- restarting
listener exited, restarting in 3s
listening (pid 78600, 11 commands)
changed on disk: learning.py -- restarting
listener exited, restarting in 3s
listening (pid 78644, 11 commands)
changed on disk: simulate.py -- restarting
listener exited, restarting in 3s
listening (pid 78778, 11 commands)
changed on disk: clusters.py -- restarting
listener exited, restarting in 3s
listening (pid 78864, 11 commands)
./run_listener.sh: line 9: 78864 Terminated: 15          python3 tg.py --listen
listener exited, restarting in 3s
listening (pid 78912, 13 commands)
changed on disk: simulate.py, pbook.py -- restarting
listener exited, restarting in 3s
listening (pid 79562, 13 commands)
changed on disk: tg.py -- restarting
listener exited, restarting in 3s
listening (pid 79580, 13 commands)
changed on disk: overview.py -- restarting
listener exited, restarting in 3s
listening (pid 79604, 13 commands)
./run_listener.sh: line 9: 79604 Terminated: 15          python3 tg.py --listen
listener exited, restarting in 3s
listening (pid 79615, 13 commands)
changed on disk: clusters.py, portfolio.py -- restarting
listener exited, restarting in 3s
listening (pid 79911, 13 commands)
changed on disk: simulate.py -- restarting
listener exited, restarting in 3s
listening (pid 79965, 13 commands)
./run_listener.sh: line 9: 79965 Terminated: 15          python3 tg.py --listen
listener exited, restarting in 3s
listening (pid 79976, 13 commands)
changed on disk: simulate.py, engine.py, portfolio.py -- restarting
listener exited, restarting in 3s
listening (pid 80345, 13 commands)
changed on disk: portfolio.py -- restarting
listener exited, restarting in 3s
listening (pid 80373, 13 commands)
changed on disk: pbook.py -- restarting
listener exited, restarting in 3s
listening (pid 80391, 13 commands)
changed on disk: clusters.py, portfolio.py -- restarting
listener exited, restarting in 3s
listening (pid 80411, 13 commands)
changed on disk: simulate.py -- restarting
listener exited, restarting in 3s
listening (pid 80460, 13 commands)
changed on disk: simulate.py, portfolio.py -- restarting
listener exited, restarting in 3s
listening (pid 80524, 13 commands)
changed on disk: portfolio.py -- restarting
listener exited, restarting in 3s
listening (pid 80617, 13 commands)
changed on disk: portfolio.py -- restarting
listener exited, restarting in 3s
listening (pid 80687, 13 commands)
./run_listener.sh: line 9: 80687 Terminated: 15          python3 tg.py --listen
listener exited, restarting in 3s
listening (pid 80788, 13 commands)
./run_listener.sh: line 9: 80788 Terminated: 15          python3 tg.py --listen
listener exited, restarting in 3s
listening (pid 80856, 13 commands)
changed on disk: overview.py -- restarting
listener exited, restarting in 3s
listening (pid 81458, 13 commands)
changed on disk: tg.py -- restarting
listener exited, restarting in 3s
listening (pid 81551, 16 commands)
./run_listener.sh: line 9: 81551 Terminated: 15          python3 tg.py --listen
listener exited, restarting in 3s
listening (pid 81580, 16 commands)
changed on disk: pbook.py -- restarting
listener exited, restarting in 3s
listening (pid 81647, 16 commands)
poll error: TypeError
changed on disk: overview.py -- restarting
listener exited, restarting in 3s
listening (pid 82153, 16 commands)
changed on disk: simulate.py, portfolio.py -- restarting
listener exited, restarting in 3s
listening (pid 82226, 16 commands)
poll error: TypeError
changed on disk: pbook.py -- restarting
listener exited, restarting in 3s
listening (pid 82613, 16 commands)
changed on disk: bucketbook.py, runner.py, tg.py, bucket_test.py, clusters.py, simulate.py, pbook.py, validate.py, engine.py, learning.py, portfolio.py -- restarting
listener exited, restarting in 3s
listening (pid 82876, 16 commands)
changed on disk: engine.py -- restarting
listener exited, restarting in 3s
listening (pid 82981, 16 commands)
changed on disk: pbook.py, portfolio.py -- restarting
listener exited, restarting in 3s
listening (pid 83007, 16 commands)
changed on disk: simulate.py -- restarting
listener exited, restarting in 3s
listening (pid 83044, 16 commands)
./run_listener.sh: line 9: 83044 Terminated: 15          python3 tg.py --listen
listener exited, restarting in 3s
listening (pid 83121, 16 commands)
changed on disk: simulate.py, portfolio.py -- restarting
listener exited, restarting in 3s
listening (pid 83263, 16 commands)
changed on disk: tg.py -- restarting
listener exited, restarting in 3s
listening (pid 84048, 17 commands)
./run_listener.sh: line 9: 84048 Terminated: 15          python3 tg.py --listen
listener exited, restarting in 3s
listening (pid 84052, 17 commands)
changed on disk: portfolio.py -- restarting
listener exited, restarting in 3s
listening (pid 84129, 17 commands)
changed on disk: portfolio.py -- restarting
listener exited, restarting in 3s
listening (pid 84211, 17 commands)
changed on disk: bucketbook.py, portfolio.py -- restarting
listener exited, restarting in 3s
listening (pid 84297, 17 commands)
./run_listener.sh: line 9: 84297 Terminated: 15          python3 tg.py --listen
listener exited, restarting in 3s
listening (pid 84304, 17 commands)
changed on disk: clusters.py, portfolio.py -- restarting
listener exited, restarting in 3s
listening (pid 85352, 17 commands)
changed on disk: clusters.py -- restarting
listener exited, restarting in 3s
listening (pid 85459, 17 commands)
changed on disk: learning.py -- restarting
listener exited, restarting in 3s
listening (pid 85532, 17 commands)
changed on disk: tg.py, agent.py -- restarting
listener exited, restarting in 3s
listening (pid 85591, 17 commands)
changed on disk: agent.py -- restarting
listener exited, restarting in 3s
listening (pid 85636, 17 commands)
changed on disk: agent.py -- restarting
listener exited, restarting in 3s
listening (pid 85706, 17 commands)
changed on disk: postmortem.py, runner.py, tg.py, xcheck.py, bucket_test.py, pine.py, fundamentals.py, spec.py, cpcv.py, validate.py, generator.py, split.py, pipeline.py, judge.py, tv.py, psearch.py, dsr.py, backtest.py, report.py -- restarting
listener exited, restarting in 3s
listening (pid 85777, 17 commands)
changed on disk: overview.py -- restarting
listener exited, restarting in 3s
listening (pid 85866, 17 commands)
changed on disk: analysis.py -- restarting
listener exited, restarting in 3s
listening (pid 85906, 17 commands)
changed on disk: tg.py, pbook_run.py -- restarting
listener exited, restarting in 3s
listening (pid 85937, 18 commands)
changed on disk: tg.py -- restarting
listener exited, restarting in 3s
listening (pid 86134, 18 commands)
./run_listener.sh: line 9: 86134 Terminated: 15          python3 tg.py --listen
listener exited, restarting in 3s
listening (pid 86164, 18 commands)
changed on disk: engine.py -- restarting
listener exited, restarting in 3s
listening (pid 86718, 18 commands)
changed on disk: simulate.py -- restarting
listener exited, restarting in 3s
listening (pid 86752, 18 commands)
changed on disk: portfolio.py -- restarting
listener exited, restarting in 3s
listening (pid 86892, 18 commands)
changed on disk: overview.py, portfolio.py -- restarting
listener exited, restarting in 3s
listening (pid 86975, 18 commands)
./run_listener.sh: line 9: 86975 Terminated: 15          python3 tg.py --listen
listener exited, restarting in 3s
listening (pid 87052, 18 commands)
./run_listener.sh: line 9: 87052 Terminated: 15          python3 tg.py --listen
listener exited, restarting in 3s
listening (pid 87325, 18 commands)
changed on disk: simulate.py -- restarting
listener exited, restarting in 3s
listening (pid 87438, 18 commands)
